Terminal ready
U-Boot SPL 2014.10+dfsg1-5 (Apr 07 2015 - 21:52:20)
DRAM: 512 MiB
CPU: 1008000000Hz, AXI/AHB/APB: 3/2/2


U-Boot 2014.10+dfsg1-5 (Apr 07 2015 - 21:52:20) Allwinner Technology

CPU:   Allwinner A10 (SUN4I)
I2C:   ready
DRAM:  512 MiB
MMC:   SUNXI SD/MMC: 0
*** Warning - bad CRC, using default environment

In:    serial
Out:   serial
Err:   serial
SCSI:  SUNXI SCSI INIT
SATA link 0 timeout.
AHCI 0001.0100 32 slots 1 ports 3 Gbps 0x1 impl SATA mode
flags: ncq stag pm led clo only pmp pio slum part ccc apst
Net:   emac
Hit any key to stop autoboot: 0
switch to partitions #0, OK
mmc0 is current device
Scanning mmc 0...
Found U-Boot script /boot.scr
reading /boot.scr
1451 bytes read in 28 ms (49.8 KiB/s)
## Executing script at 43100000
Mainline u-boot / new-style environment detected.
reading vmlinuz
3182192 bytes read in 269 ms (11.3 MiB/s)
reading dtbs/sun4i-a10-olinuxino-lime.dtb
17883 bytes read in 293 ms (59.6 KiB/s)
reading initrd.gz
12159298 bytes read in 950 ms (12.2 MiB/s)
Booting the Debian installer...

Kernel image @ 0x42000000 [ 0x000000 - 0x308e70 ]
## Flattened Device Tree blob at 43000000
   Booting using the fdt blob at 0x43000000
   Loading Ramdisk to 4f467000, end 4ffff942 ... OK
   Loading Device Tree to 4f45f000, end 4f4665da ... OK

Starting kernel ...

[    0.000000] Booting Linux on physical CPU 0x0
[    0.000000] Initializing cgroup subsys cpuset
[    0.000000] Initializing cgroup subsys cpu
[    0.000000] Initializing cgroup subsys cpuacct
[    0.000000] Linux version 3.16.0-4-armmp (debian-kernel@lists.debian.org) (gcc version 4.8.4 (Debian 4.8.4-1) ) #1 SMP Debian 3.16.7-ckt20-1+deb8u2 (2016-01-02)
[    0.000000] CPU: ARMv7 Processor [413fc082] revision 2 (ARMv7), cr=10c5387d
[    0.000000] CPU: PIPT / VIPT nonaliasing data cache, VIPT aliasing instruction cache
[    0.000000] Machine model: Olimex A10-OLinuXino-LIME
[    0.000000] Memory policy: Data cache writeback
[    0.000000] CPU: All CPU(s) started in SVC mode.
[    0.000000] PERCPU: Embedded 9 pages/cpu @dfbdf000 s12608 r8192 d16064 u36864
[    0.000000] Built 1 zonelists in Zone order, mobility grouping on.  Total pages: 130048
[    0.000000] Kernel command line:  console=ttyS0,115200
[    0.000000] PID hash table entries: 2048 (order: 1, 8192 bytes)
[    0.000000] Dentry cache hash table entries: 65536 (order: 6, 262144 bytes)
[    0.000000] Inode-cache hash table entries: 32768 (order: 5, 131072 bytes)
[    0.000000] Memory: 497224K/524288K available (6413K kernel code, 829K rwdata, 2204K rodata, 688K init, 393K bss, 27064K reserved, 0K highmem)
[    0.000000] Virtual kernel memory layout:
[    0.000000]     vector  : 0xffff0000 - 0xffff1000   (   4 kB)
[    0.000000]     fixmap  : 0xffc00000 - 0xffe00000   (2048 kB)
[    0.000000]     vmalloc : 0xe0800000 - 0xff000000   ( 488 MB)
[    0.000000]     lowmem  : 0xc0000000 - 0xe0000000   ( 512 MB)
[    0.000000]     pkmap   : 0xbfe00000 - 0xc0000000   (   2 MB)
[    0.000000]     modules : 0xbf000000 - 0xbfe00000   (  14 MB)
[    0.000000]       .text : 0xc0008000 - 0xc0872938   (8619 kB)
[    0.000000]       .init : 0xc0873000 - 0xc091f140   ( 689 kB)
[    0.000000]       .data : 0xc0920000 - 0xc09ef610   ( 830 kB)
[    0.000000]        .bss : 0xc09ef610 - 0xc0a51b34   ( 394 kB)
[    0.000000] Hierarchical RCU implementation.
[    0.000000]  RCU dyntick-idle grace-period acceleration is enabled.
[    0.000000]  RCU restricting CPUs from NR_CPUS=4 to nr_cpu_ids=1.
[    0.000000] RCU: Adjusting geometry for rcu_fanout_leaf=16, nr_cpu_ids=1
[    0.000000] NR_IRQS:16 nr_irqs:16 16
[    0.000018] sched_clock: 32 bits at 24MHz, resolution 41ns, wraps every 178956969942ns
[    0.000581] Console: colour dummy device 80x30
[    0.000610] Calibrating delay loop... 1001.47 BogoMIPS (lpj=2002944)
[    0.048087] pid_max: default: 32768 minimum: 301
[    0.048202] Security Framework initialized
[    0.048263] AppArmor: AppArmor disabled by boot time parameter
[    0.048271] Yama: disabled by default; enable with sysctl kernel.yama.*
[    0.048343] Mount-cache hash table entries: 1024 (order: 0, 4096 bytes)
[    0.048354] Mountpoint-cache hash table entries: 1024 (order: 0, 4096 bytes)
[    0.049227] Initializing cgroup subsys memory
[    0.049253] Initializing cgroup subsys devices
[    0.049288] Initializing cgroup subsys freezer
[    0.049308] Initializing cgroup subsys net_cls
[    0.049337] Initializing cgroup subsys blkio
[    0.049360] Initializing cgroup subsys perf_event
[    0.049374] Initializing cgroup subsys net_prio
[    0.049439] CPU: Testing write buffer coherency: ok
[    0.049477] ftrace: allocating 23120 entries in 68 pages
[    0.083308] CPU0: thread -1, cpu 0, socket -1, mpidr 0
[    0.083528] Setting up static identity map for 0x405c2358 - 0x405c23b0
[    0.090852] Brought up 1 CPUs
[    0.090871] SMP: Total of 1 processors activated (1001.47 BogoMIPS).
[    0.090879] CPU: All CPU(s) started in SVC mode.
[    0.091459] devtmpfs: initialized
[    0.092279] VFP support v0.3: implementor 41 architecture 3 part 30 variant c rev 3
[    0.097356] pinctrl core: initialized pinctrl subsystem
[    0.097819] regulator-dummy: no parameters
[    0.102914] NET: Registered protocol family 16
[    0.103373] DMA: preallocated 256 KiB pool for atomic coherent allocations
[    0.109087] No ATAGs?
[    0.109107] hw-breakpoint: debug architecture 0x4 unsupported.
[    0.109228] EXYNOS: PMU not supported
[    0.109860] Serial: AMBA PL011 UART driver
[    0.118840] edma-dma-engine edma-dma-engine.0: Can't allocate PaRAM dummy slot
[    0.118867] edma-dma-engine: probe of edma-dma-engine.0 failed with error -5
[    0.119243] reg-fixed-voltage ahci-5v: could not find pctldev for node /soc@01c00000/pinctrl@01c20800/ahci_pwr_pin@1, deferring probe
[    0.119261] platform ahci-5v: Driver reg-fixed-voltage requests probe deferral
[    0.119283] reg-fixed-voltage usb1-vbus: could not find pctldev for node /soc@01c00000/pinctrl@01c20800/usb1_vbus_pin@0, deferring probe
[    0.119297] platform usb1-vbus: Driver reg-fixed-voltage requests probe deferral
[    0.119317] reg-fixed-voltage usb2-vbus: could not find pctldev for node /soc@01c00000/pinctrl@01c20800/usb2_vbus_pin@0, deferring probe
[    0.119331] platform usb2-vbus: Driver reg-fixed-voltage requests probe deferral
[    0.119548] vcc3v0: 3000 mV
[    0.119827] vcc3v3: 3300 mV
[    0.120926] vgaarb: loaded
[    0.121444] usbcore: registered new interface driver usbfs
[    0.121511] usbcore: registered new interface driver hub
[    0.121691] usbcore: registered new device driver usb
[    0.122199] media: Linux media interface: v0.10
[    0.122259] Linux video capture interface: v2.00
[    0.122352] pps_core: LinuxPPS API ver. 1 registered
[    0.122359] pps_core: Software ver. 5.3.6 - Copyright 2005-2007 Rodolfo Giometti <giometti@linux.it>
[    0.122388] PTP clock support registered
[    0.123638] Switched to clocksource timer
[    0.176128] NET: Registered protocol family 2
[    0.177130] TCP established hash table entries: 4096 (order: 2, 16384 bytes)
[    0.177177] TCP bind hash table entries: 4096 (order: 3, 32768 bytes)
[    0.177236] TCP: Hash tables configured (established 4096 bind 4096)
[    0.177294] TCP: reno registered
[    0.177307] UDP hash table entries: 256 (order: 1, 8192 bytes)
[    0.177327] UDP-Lite hash table entries: 256 (order: 1, 8192 bytes)
[    0.177506] NET: Registered protocol family 1
[    0.177979] Unpacking initramfs...
[    1.011562] Freeing initrd memory: 11872K (cf467000 - cffff000)
[    1.013407] futex hash table entries: 256 (order: 2, 16384 bytes)
[    1.013492] audit: initializing netlink subsys (disabled)
[    1.013568] audit: type=2000 audit(1.000:1): initialized
[    1.014747] zbud: loaded
[    1.015046] VFS: Disk quotas dquot_6.5.2
[    1.015108] Dquot-cache hash table entries: 1024 (order 0, 4096 bytes)
[    1.015252] msgmni has been set to 994
[    1.016904] alg: No test for stdrng (krng)
[    1.017041] Block layer SCSI generic (bsg) driver version 0.4 loaded (major 249)
[    1.017273] io scheduler noop registered
[    1.017287] io scheduler deadline registered
[    1.017427] io scheduler cfq registered (default)
[    1.019978] sun4i-pinctrl 1c20800.pinctrl: initialized sunXi PIO driver
[    1.022141] Serial: 8250/16550 driver, 4 ports, IRQ sharing disabled
[    1.024230] console [ttyS0] disabled
[    1.044337] 1c28000.serial: ttyS0 at MMIO 0x1c28000 (irq = 27, base_baud = 1500000) is a U6_16550A
[    1.678571] console [ttyS0] enabled
[    1.682492] Serial: AMBA driver
[    1.685892] Serial: IMX driver
[    1.691188] 1c0b080.mdio supply phy not found, using dummy regulator
[    1.697800] libphy: sun4i_mii_bus: probed
[    1.722048] mousedev: PS/2 mouse device common for all mice
[    1.729079] sunxi-rtc 1c20d00.rtc: rtc core: registered rtc-sunxi as rtc0
[    1.735938] sunxi-rtc 1c20d00.rtc: RTC enabled
[    1.741479] ledtrig-cpu: registered to indicate activity on CPUs
[    1.747683] hidraw: raw HID events driver (C) Jiri Kosina
[    1.753730] usbcore: registered new interface driver usbhid
[    1.759324] usbhid: USB HID core driver
[    1.763885] TCP: cubic registered
